(2, 17): Operator is not overloaded string and string