(2, 17): Operator is not overloaded double * string