(11, 9): record data: array of integer; size: integer; end does not allow to take the field