main
   program name:
      without name
   decls:
      vars:
         var
            a 
            type:
               Double 
            10
         var
            b 
            type:
               Double 
            11
         var
            c 
            type:
               Double 
            12
         var
            d 
            type:
               Double 
            13
   block:
      compounds statements
         writeln 
            <>
               2
               3
         writeln 
            <
               2
               3
         writeln 
            <=
               2
               3
         writeln 
            >=
               2
               3
         writeln 
            >
               2
               3
         writeln 
            =
               2
               3
         writeln 
            or
               2
               3
         writeln 
            or
               or
                  or
                     or
                        2
                        3
                     4
                  5
               6
         writeln 
            or
               and
                  2
                  3
               and
                  4
                  5
         writeln 
            or
               and
                  not
                     2
                  not
                     3
               and
                  not
                     4
                  not
                     5
------------------------------------------------------------------------------------------------------------------------------------------------------
| id                          | type of object              | ret type                                                                               |
------------------------------------------------------------------------------------------------------------------------------------------------------
| boolean                     | type                        | boolean                                                                                |
| integer                     | type                        | integer                                                                                |
| double                      | type                        | double                                                                                 |
| char                        | type                        | char                                                                                   |
| string                      | type                        | string                                                                                 |
| writeln                     | procedure                   | writeln                                                                                |
| write                       | procedure                   | write                                                                                  |
| read                        | procedure                   | read                                                                                   |
| random                      | function                    | double                                                                                 |
======================================================================================================================================================
~~~~~~~~~~~~~~~~~~~~~~~~~~~~~~~~~~~~~~~~~~~~~~~~~~~~~~~~~~~~~~~~~~~~~~~~~~~~~~~~~~~~~~~~~~~~~~~~~~~~~~~~~~~~~~~~~~~~~~~~~~~~~~~~~~~~~~~~~~~~~~~~~~~~~~
| sqrt                        | function                    | double                                                                                 |
======================================================================================================================================================
| x                           | param                       | double                                                                                 |
~~~~~~~~~~~~~~~~~~~~~~~~~~~~~~~~~~~~~~~~~~~~~~~~~~~~~~~~~~~~~~~~~~~~~~~~~~~~~~~~~~~~~~~~~~~~~~~~~~~~~~~~~~~~~~~~~~~~~~~~~~~~~~~~~~~~~~~~~~~~~~~~~~~~~~
------------------------------------------------------------------------------------------------------------------------------------------------------
------------------------------------------------------------------------------------------------------------------------------------------------------
| id                          | type of object              | ret type                                                                               |
------------------------------------------------------------------------------------------------------------------------------------------------------
| a                           | var                         | double                                                                                 |
| b                           | var                         | double                                                                                 |
| c                           | var                         | double                                                                                 |
| d                           | var                         | double                                                                                 |
------------------------------------------------------------------------------------------------------------------------------------------------------

