Line: 5; Column: 4; Expected: SEMICOLON; but found .