(2, 17): Operator is not overloaded integer mod string