(2, 15): Unary operator is not overloaded not string