(2, 9): Operator is not overloaded integer := string