(2, 17): Operator is not overloaded integer or string