(2, 17): Operator is not overloaded boolean or char