1	1	String	'123'	'123'
Exception: Line: 2; Column: 1; String exceeds line