1	1	Id	a	a
1	3	Operation	ASSIGN	:=
1	6	Id	a	a
1	8	Operation	ADD	+
1	10	Integer	3	3
1	12	Operation	ADD	+
1	14	Integer	4	4
1	15	Separator	SEMICOLON	;
Exception: Line: 2; Column: 1; Unterminated block comment