1	1	Integer	2147483646	2147483646
2	1	Integer	2147483647	2147483647
Exception: Line: 3; Column: 1; Integer overflow