(2, 9): Operator is not overloaded string /= string