1	1	LITERAL_INTEGER	2147483647	&17777777777
Exception: Line: 2; Column: 1; Integer overflow