Exception: Line: 1; Column: 2; Illegal character: $