(2, 17): Operator is not overloaded boolean div char