main
   without name
   decls
      def types
         type def
            int
            type
               integer
      def types
         type def
            int_int
            type
               int
      vars
         var
            a
            type
               int_int
         without exp
   block
      compounds statements

------------------------------------------------------------------------------------------------------------------------------------------------------
| id                          | type of object              | ret type                                                                               |
------------------------------------------------------------------------------------------------------------------------------------------------------
| boolean                     | type                        | boolean                                                                                |
| integer                     | type                        | integer                                                                                |
| double                      | type                        | double                                                                                 |
| char                        | type                        | char                                                                                   |
| string                      | type                        | string                                                                                 |
| writeln                     | procedure                   | writeln                                                                                |
| write                       | procedure                   | write                                                                                  |
| read                        | procedure                   | read                                                                                   |
| random                      | function                    | double                                                                                 |
======================================================================================================================================================
~~~~~~~~~~~~~~~~~~~~~~~~~~~~~~~~~~~~~~~~~~~~~~~~~~~~~~~~~~~~~~~~~~~~~~~~~~~~~~~~~~~~~~~~~~~~~~~~~~~~~~~~~~~~~~~~~~~~~~~~~~~~~~~~~~~~~~~~~~~~~~~~~~~~~~
| sqrt                        | function                    | double                                                                                 |
======================================================================================================================================================
| x                           | param                       | double                                                                                 |
~~~~~~~~~~~~~~~~~~~~~~~~~~~~~~~~~~~~~~~~~~~~~~~~~~~~~~~~~~~~~~~~~~~~~~~~~~~~~~~~~~~~~~~~~~~~~~~~~~~~~~~~~~~~~~~~~~~~~~~~~~~~~~~~~~~~~~~~~~~~~~~~~~~~~~
------------------------------------------------------------------------------------------------------------------------------------------------------
------------------------------------------------------------------------------------------------------------------------------------------------------
| id                          | type of object              | ret type                                                                               |
------------------------------------------------------------------------------------------------------------------------------------------------------
| int                         | type alias                  | integer                                                                                |
| int_int                     | type alias                  | integer                                                                                |
| a                           | global var                  | integer                                                                                |
------------------------------------------------------------------------------------------------------------------------------------------------------
