(2, 17): Operator is not overloaded boolean > string