Line: 3; Column: 10; ; expected in function declarations after compound statement