main
   without name
   decls
      vars
         var
            a
            record
               fields
                  type
                     integer
                  a
               fields
                  type
                     double
                  d
               fields
                  type
                     boolean
                  b
               fields
                  type
                     string
                  s
               fields
                  record
                     fields
                        type
                           integer
                        field
                  r
         without exp
   block
      compounds statements
         call
            writeln
               field access
                  a
                  a
               field access
                  a
                  d
               field access
                  a
                  b
               field access
                  a
                  s
               field access
                  field access
                     a
                     r
                  field

------------------------------------------------------------------------------------------------------------------------------------------------------
| id                          | type of object              | ret type                                                                               |
------------------------------------------------------------------------------------------------------------------------------------------------------
| boolean                     | type                        | boolean                                                                                |
| integer                     | type                        | integer                                                                                |
| double                      | type                        | double                                                                                 |
| char                        | type                        | char                                                                                   |
| string                      | type                        | string                                                                                 |
| writeln                     | procedure                   | writeln                                                                                |
| write                       | procedure                   | write                                                                                  |
| read                        | procedure                   | read                                                                                   |
| random                      | function                    | double                                                                                 |
======================================================================================================================================================
~~~~~~~~~~~~~~~~~~~~~~~~~~~~~~~~~~~~~~~~~~~~~~~~~~~~~~~~~~~~~~~~~~~~~~~~~~~~~~~~~~~~~~~~~~~~~~~~~~~~~~~~~~~~~~~~~~~~~~~~~~~~~~~~~~~~~~~~~~~~~~~~~~~~~~
| sqrt                        | function                    | double                                                                                 |
======================================================================================================================================================
| x                           | param                       | double                                                                                 |
~~~~~~~~~~~~~~~~~~~~~~~~~~~~~~~~~~~~~~~~~~~~~~~~~~~~~~~~~~~~~~~~~~~~~~~~~~~~~~~~~~~~~~~~~~~~~~~~~~~~~~~~~~~~~~~~~~~~~~~~~~~~~~~~~~~~~~~~~~~~~~~~~~~~~~
------------------------------------------------------------------------------------------------------------------------------------------------------
------------------------------------------------------------------------------------------------------------------------------------------------------
| id                          | type of object              | ret type                                                                               |
------------------------------------------------------------------------------------------------------------------------------------------------------
| a                           | global var                  | record a: integer; b: boolean; d: double; r: record field: integer; end; s: string; end|
------------------------------------------------------------------------------------------------------------------------------------------------------
