main
   without name
   decls
      vars
         var
            i
            type
               integer
         without exp
      vars
         var
            a
            array type
               type
                  integer
               range
                  0
                  10
         without exp
      vars
         var
            r
            record
               fields
                  type
                     integer
                  x
                  y
         without exp
   block
      compounds statements
         for
            i
            0
            to
            10
            compounds statements
         for
            i
            +
               *
                  0
                  2
               3
            to
            *
               +
                  30
                  40
               3
            compounds statements
         for
            array access
               a
               0
            0
            to
            10
            compounds statements
         for
            field access
               r
               x
            0
            to
            10
            compounds statements
         for
            field access
               r
               y
            0
            to
            10
            compounds statements

------------------------------------------------------------------------------------------------------------------------------------------------------
| id                          | type of object              | ret type                                                                               |
------------------------------------------------------------------------------------------------------------------------------------------------------
| boolean                     | type                        | boolean                                                                                |
| integer                     | type                        | integer                                                                                |
| double                      | type                        | double                                                                                 |
| char                        | type                        | char                                                                                   |
| string                      | type                        | string                                                                                 |
| writeln                     | procedure                   | writeln                                                                                |
| write                       | procedure                   | write                                                                                  |
| read                        | procedure                   | read                                                                                   |
| random                      | function                    | double                                                                                 |
======================================================================================================================================================
~~~~~~~~~~~~~~~~~~~~~~~~~~~~~~~~~~~~~~~~~~~~~~~~~~~~~~~~~~~~~~~~~~~~~~~~~~~~~~~~~~~~~~~~~~~~~~~~~~~~~~~~~~~~~~~~~~~~~~~~~~~~~~~~~~~~~~~~~~~~~~~~~~~~~~
| sqrt                        | function                    | double                                                                                 |
======================================================================================================================================================
| x                           | param                       | double                                                                                 |
~~~~~~~~~~~~~~~~~~~~~~~~~~~~~~~~~~~~~~~~~~~~~~~~~~~~~~~~~~~~~~~~~~~~~~~~~~~~~~~~~~~~~~~~~~~~~~~~~~~~~~~~~~~~~~~~~~~~~~~~~~~~~~~~~~~~~~~~~~~~~~~~~~~~~~
------------------------------------------------------------------------------------------------------------------------------------------------------
------------------------------------------------------------------------------------------------------------------------------------------------------
| id                          | type of object              | ret type                                                                               |
------------------------------------------------------------------------------------------------------------------------------------------------------
| i                           | global var                  | integer                                                                                |
| a                           | global var                  | array of integer                                                                       |
| r                           | global var                  | record x: integer; y: integer; end                                                     |
------------------------------------------------------------------------------------------------------------------------------------------------------
