Line: 1; Column: 1; Expected: BEGIN; but found EOF