main
   program name:
      hello
   decls:
   block:
      compounds statements
------------------------------------------------------------------------------------------------------------------------------------------------------
| id                          | type of object              | ret type                                                                               |
------------------------------------------------------------------------------------------------------------------------------------------------------
| boolean                     | type                        | boolean                                                                                |
| integer                     | type                        | integer                                                                                |
| double                      | type                        | double                                                                                 |
| char                        | type                        | char                                                                                   |
| string                      | type                        | string                                                                                 |
| writeln                     | procedure                   | writeln                                                                                |
| write                       | procedure                   | write                                                                                  |
| read                        | procedure                   | read                                                                                   |
| random                      | function                    | double                                                                                 |
======================================================================================================================================================
~~~~~~~~~~~~~~~~~~~~~~~~~~~~~~~~~~~~~~~~~~~~~~~~~~~~~~~~~~~~~~~~~~~~~~~~~~~~~~~~~~~~~~~~~~~~~~~~~~~~~~~~~~~~~~~~~~~~~~~~~~~~~~~~~~~~~~~~~~~~~~~~~~~~~~
| sqrt                        | function                    | double                                                                                 |
======================================================================================================================================================
| x                           | param                       | double                                                                                 |
~~~~~~~~~~~~~~~~~~~~~~~~~~~~~~~~~~~~~~~~~~~~~~~~~~~~~~~~~~~~~~~~~~~~~~~~~~~~~~~~~~~~~~~~~~~~~~~~~~~~~~~~~~~~~~~~~~~~~~~~~~~~~~~~~~~~~~~~~~~~~~~~~~~~~~
------------------------------------------------------------------------------------------------------------------------------------------------------
------------------------------------------------------------------------------------------------------------------------------------------------------
| id                          | type of object              | ret type                                                                               |
------------------------------------------------------------------------------------------------------------------------------------------------------
------------------------------------------------------------------------------------------------------------------------------------------------------

