Line: 2; Column: 1; Expected: SEMICOLON; but found begin