Line: 3; Column: 10; Expected: SEMICOLON; but found .