(2, 9): Operator is not overloaded double *= string