(2, 17): Operator is not overloaded integer shr boolean