(2, 17): Operator is not overloaded char xor string