main
   without name
   decls
      vars
         var
            i
            type
               integer
            0
   block
      compounds statements
         while
            <
               i
               10
            compounds statements
               +=
                  i
                  1
               call
                  writeln
                     i

------------------------------------------------------------------------------------------------------------------------------------------------------
| id                          | type of object              | ret type                                                                               |
------------------------------------------------------------------------------------------------------------------------------------------------------
| boolean                     | type                        | boolean                                                                                |
| integer                     | type                        | integer                                                                                |
| double                      | type                        | double                                                                                 |
| char                        | type                        | char                                                                                   |
| string                      | type                        | string                                                                                 |
| writeln                     | procedure                   | writeln                                                                                |
| write                       | procedure                   | write                                                                                  |
| read                        | procedure                   | read                                                                                   |
| random                      | function                    | double                                                                                 |
======================================================================================================================================================
~~~~~~~~~~~~~~~~~~~~~~~~~~~~~~~~~~~~~~~~~~~~~~~~~~~~~~~~~~~~~~~~~~~~~~~~~~~~~~~~~~~~~~~~~~~~~~~~~~~~~~~~~~~~~~~~~~~~~~~~~~~~~~~~~~~~~~~~~~~~~~~~~~~~~~
| sqrt                        | function                    | double                                                                                 |
======================================================================================================================================================
| x                           | param                       | double                                                                                 |
~~~~~~~~~~~~~~~~~~~~~~~~~~~~~~~~~~~~~~~~~~~~~~~~~~~~~~~~~~~~~~~~~~~~~~~~~~~~~~~~~~~~~~~~~~~~~~~~~~~~~~~~~~~~~~~~~~~~~~~~~~~~~~~~~~~~~~~~~~~~~~~~~~~~~~
------------------------------------------------------------------------------------------------------------------------------------------------------
------------------------------------------------------------------------------------------------------------------------------------------------------
| id                          | type of object              | ret type                                                                               |
------------------------------------------------------------------------------------------------------------------------------------------------------
| i                           | global var                  | integer                                                                                |
------------------------------------------------------------------------------------------------------------------------------------------------------
