main
   program name:
      without name
   decls:
      function decl
         f 
         type:
            integer 
         param
            without modifier
            i 
            type:
               Integer 
         param
            without modifier
            c 
            type:
               Double 
         param
            without modifier
            c_cast 
            type:
               Double 
         param
            without modifier
            b 
            type:
               Boolean 
         param
            without modifier
            s 
            type:
               string
         decls:
         block:
            compounds statements
               :=
                  f 
                  10
   block:
      compounds statements
         f 
            100
            20.3
            cast
               10
            True
            'hello, world'
------------------------------------------------------------------------------------------------------------------------------------------------------
| id                          | type of object              | ret type                                                                               |
------------------------------------------------------------------------------------------------------------------------------------------------------
| boolean                     | type                        | boolean                                                                                |
| integer                     | type                        | integer                                                                                |
| double                      | type                        | double                                                                                 |
| char                        | type                        | char                                                                                   |
| string                      | type                        | string                                                                                 |
| writeln                     | procedure                   | writeln                                                                                |
| write                       | procedure                   | write                                                                                  |
| read                        | procedure                   | read                                                                                   |
| random                      | function                    | double                                                                                 |
======================================================================================================================================================
~~~~~~~~~~~~~~~~~~~~~~~~~~~~~~~~~~~~~~~~~~~~~~~~~~~~~~~~~~~~~~~~~~~~~~~~~~~~~~~~~~~~~~~~~~~~~~~~~~~~~~~~~~~~~~~~~~~~~~~~~~~~~~~~~~~~~~~~~~~~~~~~~~~~~~
| sqrt                        | function                    | double                                                                                 |
======================================================================================================================================================
| x                           | param                       | double                                                                                 |
~~~~~~~~~~~~~~~~~~~~~~~~~~~~~~~~~~~~~~~~~~~~~~~~~~~~~~~~~~~~~~~~~~~~~~~~~~~~~~~~~~~~~~~~~~~~~~~~~~~~~~~~~~~~~~~~~~~~~~~~~~~~~~~~~~~~~~~~~~~~~~~~~~~~~~
------------------------------------------------------------------------------------------------------------------------------------------------------
------------------------------------------------------------------------------------------------------------------------------------------------------
| id                          | type of object              | ret type                                                                               |
------------------------------------------------------------------------------------------------------------------------------------------------------
| f                           | function                    | integer                                                                                |
======================================================================================================================================================
| i                           | param                       | integer                                                                                |
| c                           | param                       | double                                                                                 |
| c_cast                      | param                       | double                                                                                 |
| b                           | param                       | boolean                                                                                |
| s                           | param                       | string                                                                                 |
~~~~~~~~~~~~~~~~~~~~~~~~~~~~~~~~~~~~~~~~~~~~~~~~~~~~~~~~~~~~~~~~~~~~~~~~~~~~~~~~~~~~~~~~~~~~~~~~~~~~~~~~~~~~~~~~~~~~~~~~~~~~~~~~~~~~~~~~~~~~~~~~~~~~~~
------------------------------------------------------------------------------------------------------------------------------------------------------

