(5, 1): Expected 5 count of parameters, but taken 3